test.php
test.txt
wd2.jieqiangtec.com.rar
新建文本文档.txt
新建文本文档.txt.bak
addons/ewei_shop/defines.php
addons/ewei_shop/core/inc/functions.php
addons/ewei_shop/core/mobile/order/confirm.php
addons/ewei_shop/core/mobile/order/pay.php
addons/ewei_shop/core/mobile/shop/detail.php
addons/ewei_shop/core/mobile/shop/order.php
addons/ewei_shop/core/model/order.php
addons/ewei_shop/core/model/user.php
attachment/headimg_5.jpg
attachment/qrcode_5.jpg
attachment/images/5/2017/07/CgEq77oSyoNkEY91YbhH6sqIB9NYSQ.jpg
attachment/images/5/2017/07/DBBZFM91OGkw194Ca9AwBKCf4wG3Da.jpg
attachment/images/5/2017/07/Ef7CsxTXRiGc7S8SFxSSC658gszXZX.jpg
attachment/images/5/2017/07/Esp4TLNSUBB4L2lCNsuBZraswrC2g2.jpg
attachment/images/5/2017/07/H0QAu1cWCWPhhQ00anhahW6hEHAZs6.jpg
attachment/images/5/2017/07/k0FQlfuTs0rfsqtz707tuBHubyUtl0.jpg
attachment/images/5/2017/07/lhjJJHSzhFu2SrHsHJrSeEeJJbdDUF.jpg
attachment/images/5/2017/07/LVARgtXkFk9999NkZf9Z9xHFjF73xF.jpg
attachment/images/5/2017/07/M2D6404CvzZ6m2V04D22fMfcdrcd2w.jpg
attachment/images/5/2017/07/m4l75YIPd6Ye4lIybg6s660z6Qg06L.jpg
attachment/images/5/2017/07/uCLX3AHTLTxlVA2lgzzaVyVeQz3ILg.jpg
attachment/images/5/2017/07/vRGF5bm0Rrgr3MkK2jiIb3GR53KB5G.jpg
attachment/images/5/2017/07/ybFfA9EOonW95C0CbR0NHhHf0HANWH.jpg
data/config.php
data/config.php.bak
doc/cps+商城流程部署测试思路.v1.2.docx
doc/CPS联盟系统需求00000000.docx
doc/ims_core_cache_wd2.sql
doc/readme.txt
doc/wd_bak20170626_数据和结构.rar
doc/人人商城.docx
doc/微擎目录结构介绍.txt
doc/微擎目录结构介绍20170713.txt
doc/支付订单.txt
doc/数据库.txt
doc/新建文本文档.txt
doc/订单58数据.txt
doc/订单58数据v1.2.txt
doc/订单58数据v1.3.txt
doc/商城素材/adjyc公众号.txt
doc/商城素材/adjyc公众号20170712.txt
doc/商城素材/getheadimg.jpg
doc/商城素材/qrcode_5.jpg
doc/商城素材/奈唯 足金转运珠手链23881-1-31988-5-400_400.jpg
doc/商城素材/奈唯 足金转运珠手链423881-1-31988-2-400_400.jpg
doc/商城素材/奈唯 足金转运珠手链423881-1-31988-3-400_400.jpg
doc/商城素材/奈唯 足金转运珠手链423881-1-31988-6-400_400.jpg
doc/商城素材/家居家纺nav-jj-0621.jpg
doc/商城素材/潮流箱包nav-xb-0621.jpg
doc/商城素材/珠宝配饰nav-nw-0621.jpg
doc/商城素材/纯银饰品.jpg
doc/商城素材/翡翠玉石.jpg
doc/商城素材/黄金铂金nav3(1).jpg
framework/class/account.class.php
framework/class/db.class.php
framework/class/slave.db.class.php
framework/function/global.func.php
framework/function/pdo.func.php
framework/library/pdo/PDO.class.php
framework/library/pdo/PDOStatement_mysql.class.php
framework/library/pdo/PDO_mysql.class.php
payment/wechat/notify.php
web/source/mc/fangroup.ctrl.php
web/source/profile/payment.ctrl.php